Microchip MPLAB XC8 Compiler V2.00 ()

Linker command line:

-W-3 --edf=C:\Program Files (x86)\Microchip\xc8\v2.00\pic\dat\en_msgs.txt \
  -cs -h+dist/default/production\PIC16F877Library.X.production.sym \
  --cmf=dist/default/production\PIC16F877Library.X.production.cmf -z \
  -Q16F877 -oC:\Users\CARLOS~1\AppData\Local\Temp\sbsg.2 \
  --defsym=__MPLAB_BUILD=1 \
  -Mdist/default/production/PIC16F877Library.X.production.map -E1 -ver=XC8 \
  --acfsm=1493 -ASTACK=0110h-016fh -pstack=STACK -ACODE=00h-07FFhx4 \
  -ASTRCODE=00h-01FFFh -ASTRING=00h-0FFhx32 -ACONST=00h-0FFhx32 \
  -AENTRY=00h-0FFhx32 -ACOMMON=070h-07Fh -ABANK0=020h-06Fh \
  -ABANK1=0A0h-0EFh -ABANK2=0110h-016Fh -ABANK3=0190h-01EFh \
  -ARAM=020h-06Fh,0A0h-0EFh,0110h-016Fh,0190h-01EFh \
  -AABS1=020h-07Fh,0A0h-0EFh,0110h-016Fh,0190h-01EFh -ASFR0=00h-01Fh \
  -ASFR1=080h-09Fh -ASFR2=0100h-010Fh -ASFR3=0180h-018Fh \
  -preset_vec=00h,intentry,init,end_init -ppowerup=CODE -pcinit=CODE \
  -pfunctab=ENTRY -ACONFIG=02007h-02007h -pconfig=CONFIG -DCONFIG=2 \
  -AIDLOC=02000h-02003h -pidloc=IDLOC -DIDLOC=2 -AEEDATA=00h-0FFh/02100h \
  -peeprom_data=EEDATA -DEEDATA=2 -DCODE=2 -DSTRCODE=2 -DSTRING=2 -DCONST=2 \
  -DENTRY=2 -k C:\Users\CARLOS~1\AppData\Local\Temp\sbsg.o \
  dist/default/production\PIC16F877Library.X.production.o 

Object code version is 3.11

Machine type is 16F877



                Name                               Link     Load   Length Selector   Space Scale
C:\Users\CARLOS~1\AppData\Local\Temp\sbsg.o
                end_init                              0        0        3        0       0
                config                             2007     2007        1     400E       0
dist/default/production\PIC16F877Library.X.production.o
                cinit                               7E5      7E5       1B      FCA       0
                text26                              CFC      CFC       A6     19F8       0
                text25                              AF1      AF1       4F     15E2       0
                text24                              950      950        B     12A0       0
                text23                               13       13       4F       26       0
                text22                              95B      95B        B     12B6       0
                text21                              A5F      A5F       44     14BE       0
                text20                              941      941        7     1282       0
                text19                              966      966        B     12CC       0
                text18                                5        5        E        A       0
                text17                              B40      B40       7E     1680       0
                text16                              A2F      A2F       30     145E       0
                text15                              267      267      209      4CE       0
                text14                              9D7      9D7       2A     13AE       0
                text13                              470      470      375      8E0       0
                text12                              E66      E66       C8     1CCC       0
                text11                              DA2      DA2       C4     1B44       0
                text10                              BBE      BBE       9F     177C       0
                text9                               C5D      C5D       9F     18BA       0
                text8                               A01      A01       2E     1402       0
                text7                               9B6      9B6       21     136C       0
                text6                               AA3      AA3       4E     1546       0
                text5                               99D      99D       19     133A       0
                text4                               F2E      F2E       D2     1E5C       0
                text3                                62       62       EF       C4       0
                text2                               151      151      116      2A2       0
                text1                               986      986       17     130C       0
                maintext                            971      971       15     12E2       0
                cstackBANK0                          20       20       50       20       1
                cstackCOMMON                         70       70        E       70       1
                cstackBANK1                          A0       A0       13       A0       1
                clrtext                             948      948        8     1290       0
                dataBANK1                            C7       C7        2       A0       1
                bssBANK1                             B3       B3       10       A0       1
                nvBANK1                              C3       C3        4       A0       1
                idataBANK1                            3        3        2        0       0

TOTAL           Name                               Link     Load   Length     Space
        CLASS   STACK          

        CLASS   CODE           
                end_init                              0        0        3         0
                cinit                               7E5      7E5       1B         0
                text26                              CFC      CFC       A6         0
                text25                              AF1      AF1       4F         0
                text24                              950      950        B         0
                text23                               13       13       4F         0
                text22                              95B      95B        B         0
                text21                              A5F      A5F       44         0
                text20                              941      941        7         0
                text19                              966      966        B         0
                text18                                5        5        E         0
                text17                              B40      B40       7E         0
                text16                              A2F      A2F       30         0
                text15                              267      267      209         0
                text14                              9D7      9D7       2A         0
                text13                              470      470      375         0
                text12                              E66      E66       C8         0
                text11                              DA2      DA2       C4         0
                text10                              BBE      BBE       9F         0
                text9                               C5D      C5D       9F         0
                text8                               A01      A01       2E         0
                text7                               9B6      9B6       21         0
                text6                               AA3      AA3       4E         0
                text5                               99D      99D       19         0
                text4                               F2E      F2E       D2         0
                text3                                62       62       EF         0
                text2                               151      151      116         0
                text1                               986      986       17         0
                maintext                            971      971       15         0
                clrtext                             948      948        8         0
                idataBANK1                            3        3        2         0

        CLASS   STRCODE        

        CLASS   STRING         

        CLASS   CONST          

        CLASS   ENTRY          

        CLASS   COMMON         
                cstackCOMMON                         70       70        E         1

        CLASS   BANK0          
                cstackBANK0                          20       20       50         1

        CLASS   BANK1          
                cstackBANK1                          A0       A0       13         1
                dataBANK1                            C7       C7        2         1
                bssBANK1                             B3       B3       10         1
                nvBANK1                              C3       C3        4         1

        CLASS   BANK2          

        CLASS   BANK3          

        CLASS   RAM            

        CLASS   ABS1           
                abs_s1                               7E       7E        2         1

        CLASS   SFR0           

        CLASS   SFR1           

        CLASS   SFR2           

        CLASS   SFR3           

        CLASS   CONFIG         
                config                             2007     2007        1         0

        CLASS   IDLOC          

        CLASS   EEDATA         



SEGMENTS        Name                           Load    Length   Top    Selector   Space  Class     Delta

                reset_vec                      000000  000005  000005         0       0  CODE        2
                text18                         000005  00000E  000013         A       0  CODE        2
                cstackBANK0                    000020  000050  000070        20       1  BANK0       1
                text23                         000013  00004F  000062        26       0  CODE        2
                cstackCOMMON                   000070  00000E  00007E        70       1  COMMON      1
                cstackBANK1                    0000A0  000029  0000C9        A0       1  BANK1       1
                text3                          000062  0000EF  000151        C4       0  CODE        2
                text2                          000151  000116  000267       2A2       0  CODE        2
                text15                         000267  000209  000470       4CE       0  CODE        2
                text13                         000470  000375  0007E5       8E0       0  CODE        2
                cinit                          0007E5  00001B  000800       FCA       0  CODE        2
                text20                         000941  000007  000948      1282       0  CODE        2
                clrtext                        000948  000008  000950      1290       0  CODE        2
                text24                         000950  00000B  00095B      12A0       0  CODE        2
                text22                         00095B  00000B  000966      12B6       0  CODE        2
                text19                         000966  00000B  000971      12CC       0  CODE        2
                maintext                       000971  000015  000986      12E2       0  CODE        2
                text1                          000986  000017  00099D      130C       0  CODE        2
                text5                          00099D  000019  0009B6      133A       0  CODE        2
                text7                          0009B6  000021  0009D7      136C       0  CODE        2
                text14                         0009D7  00002A  000A01      13AE       0  CODE        2
                text8                          000A01  00002E  000A2F      1402       0  CODE        2
                text16                         000A2F  000030  000A5F      145E       0  CODE        2
                text21                         000A5F  000044  000AA3      14BE       0  CODE        2
                text6                          000AA3  00004E  000AF1      1546       0  CODE        2
                text25                         000AF1  00004F  000B40      15E2       0  CODE        2
                text17                         000B40  00007E  000BBE      1680       0  CODE        2
                text10                         000BBE  00009F  000C5D      177C       0  CODE        2
                text9                          000C5D  00009F  000CFC      18BA       0  CODE        2
                text26                         000CFC  0000A6  000DA2      19F8       0  CODE        2
                text11                         000DA2  0000C4  000E66      1B44       0  CODE        2
                text12                         000E66  0000C8  000F2E      1CCC       0  CODE        2
                text4                          000F2E  0000D2  001000      1E5C       0  CODE        2
                config                         002007  000001  002008      400E       0  CONFIG      2


UNUSED ADDRESS RANGES

        Name                Unused          Largest block    Delta
        BANK1            00C9-00EF             27           1
        BANK2            0110-016F             60           1
        BANK3            0190-01EF             60           1
        CODE             0800-0940            141           2
                         1000-1FFF            800
        CONST            0800-0940            100           2
                         1000-1FFF            100
        EEDATA           2100-21FF            100           2
        ENTRY            0800-0940            100           2
                         1000-1FFF            100
        IDLOC            2000-2003              4           2
        RAM              00C9-00EF             27           1
                         0110-016F             60
                         0190-01EF             60
        SFR0             0000-001F             20           1
        SFR1             0080-009F             20           1
        SFR2             0100-010F             10           1
        SFR3             0180-018F             10           1
        STACK            0110-016F             60           1
        STRCODE          0800-0940            141           2
                         1000-1FFF           1000
        STRING           0800-0940            100           2
                         1000-1FFF            100

                                  Symbol Table

?_PWM_Max_Duty                 cstackBANK0  0026
?__Umul8_16                    cstackCOMMON 0070
?___aldiv                      cstackCOMMON 0070
?___fldiv                      cstackBANK0  0036
?___flmul                      cstackBANK0  0050
?___fltol                      cstackBANK0  006A
?___xxtofl                     cstackBANK0  0028
?_analogRead                   cstackCOMMON 0070
PWM1_Duty@duty                 cstackBANK1  00A5
PWM1_Init@fre                  cstackBANK0  0026
PWM2_Duty@duty                 cstackBANK1  00A5
PWM2_Init@fre                  cstackBANK0  0026
SerialBegin@baudrate           cstackBANK0  0026
SerialBegin@x                  cstackCOMMON 0079
SerialWrite@data               cstackCOMMON 0070
_ADC                           bssBANK1     00BA
_ADCLSB                        bssBANK1     00BE
_ADCMSB                        bssBANK1     00BF
_ADCON0                        (abs)        001F
_ADCON0bits                    (abs)        001F
_ADCON1                        (abs)        009F
_ADRESH                        (abs)        001E
_ADRESL                        (abs)        009E
_BRGH                          (abs)        04C2
_CCP1M2                        (abs)        00BA
_CCP1M3                        (abs)        00BB
_CCP1X                         (abs)        00BD
_CCP1Y                         (abs)        00BC
_CCP2M2                        (abs)        00EA
_CCP2M3                        (abs)        00EB
_CCP2X                         (abs)        00ED
_CCP2Y                         (abs)        00EC
_CCPR1L                        (abs)        0015
_CCPR2L                        (abs)        001B
_CREN                          (abs)        00C4
_PORTBbits                     (abs)        0006
_PORTCbits                     (abs)        0007
_PORTDbits                     (abs)        0008
_PORTE                         (abs)        0009
_PR2                           (abs)        0092
_PWM                           bssBANK1     00B6
_PWM1_Duty                     text10       0BBE
_PWM1_Init                     text25       0AF1
_PWM1_Start                    text24       0950
_PWM2_Duty                     text9        0C5D
_PWM2_Init                     text23       0013
_PWM2_Start                    text22       095B
_PWMLSB                        bssBANK1     00BC
_PWMMSB                        bssBANK1     00BD
_PWM_Max_Duty                  text16       0A2F
_RCIF                          (abs)        0065
_RCREG                         (abs)        001A
_SPBRG                         (abs)        0099
_SPEN                          (abs)        00C7
_SYNC                          (abs)        04C4
_SerialAvailable               text20       0941
_SerialBegin                   text3        0062
_SerialRead                    text19       0966
_SerialWrite                   text18       0005
_T2CKPS0                       (abs)        0090
_T2CKPS1                       (abs)        0091
_TMR2ON                        (abs)        0092
_TRISBbits                     (abs)        0086
_TRISC1                        (abs)        0439
_TRISC2                        (abs)        043A
_TRISC6                        (abs)        043E
_TRISC7                        (abs)        043F
_TRISCbits                     (abs)        0087
_TRISDbits                     (abs)        0088
_TRISE                         (abs)        0089
_TRMT                          (abs)        04C1
_TXEN                          (abs)        04C5
_TXREG                         (abs)        0019
__CFG_BOREN$OFF                (abs)        0000
__CFG_CP$OFF                   (abs)        0000
__CFG_CPD$OFF                  (abs)        0000
__CFG_FOSC$HS                  (abs)        0000
__CFG_LVP$OFF                  (abs)        0000
__CFG_PWRTE$OFF                (abs)        0000
__CFG_WDTE$OFF                 (abs)        0000
__CFG_WRT$ON                   (abs)        0000
__Habs1                        abs1         0000
__Hbank0                       bank0        0000
__Hbank1                       bank1        0000
__Hbank2                       bank2        0000
__Hbank3                       bank3        0000
__HbssBANK1                    bssBANK1     0000
__Hcinit                       cinit        0800
__Hclrtext                     clrtext      0000
__Hcode                        code         0000
__Hcommon                      common       0000
__Hconfig                      config       2008
__HcstackBANK0                 cstackBANK0  0000
__HcstackBANK1                 cstackBANK1  0000
__HcstackCOMMON                cstackCOMMON 0000
__HdataBANK1                   dataBANK1    0000
__Heeprom_data                 eeprom_data  0000
__Hend_init                    end_init     0003
__Hfunctab                     functab      0000
__HidataBANK1                  idataBANK1   0000
__Hidloc                       idloc        0000
__Hinit                        init         0000
__Hintentry                    intentry     0000
__Hmaintext                    maintext     0000
__HnvBANK1                     nvBANK1      0000
__Hpowerup                     powerup      0000
__Hram                         ram          0000
__Hreset_vec                   reset_vec    0000
__Hsfr0                        sfr0         0000
__Hsfr1                        sfr1         0000
__Hsfr2                        sfr2         0000
__Hsfr3                        sfr3         0000
__Hspace_0                     (abs)        2008
__Hspace_1                     (abs)        00C9
__Hspace_2                     (abs)        0000
__Hspace_3                     (abs)        0000
__Hstack                       stack        0000
__Hstrings                     strings      0000
__Htext                        text         0000
__Labs1                        abs1         0000
__Lbank0                       bank0        0000
__Lbank1                       bank1        0000
__Lbank2                       bank2        0000
__Lbank3                       bank3        0000
__LbssBANK1                    bssBANK1     0000
__Lcinit                       cinit        07E5
__Lclrtext                     clrtext      0000
__Lcode                        code         0000
__Lcommon                      common       0000
__Lconfig                      config       2007
__LcstackBANK0                 cstackBANK0  0000
__LcstackBANK1                 cstackBANK1  0000
__LcstackCOMMON                cstackCOMMON 0000
__LdataBANK1                   dataBANK1    0000
__Leeprom_data                 eeprom_data  0000
__Lend_init                    end_init     0000
__Lfunctab                     functab      0000
__LidataBANK1                  idataBANK1   0000
__Lidloc                       idloc        0000
__Linit                        init         0000
__Lintentry                    intentry     0000
__Lmaintext                    maintext     0000
__LnvBANK1                     nvBANK1      0000
__Lpowerup                     powerup      0000
__Lram                         ram          0000
__Lreset_vec                   reset_vec    0000
__Lsfr0                        sfr0         0000
__Lsfr1                        sfr1         0000
__Lsfr2                        sfr2         0000
__Lsfr3                        sfr3         0000
__Lspace_0                     (abs)        0000
__Lspace_1                     (abs)        0000
__Lspace_2                     (abs)        0000
__Lspace_3                     (abs)        0000
__Lstack                       stack        0000
__Lstrings                     strings      0000
__Ltext                        text         0000
__S0                           (abs)        2008
__S1                           (abs)        00C9
__S2                           (abs)        0000
__S3                           (abs)        0000
__Umul8_16                     text14       09D7
__Umul8_16@multiplicand        cstackCOMMON 0070
__Umul8_16@multiplier          cstackCOMMON 0078
__Umul8_16@product             cstackCOMMON 0074
__Umul8_16@word_mpld           cstackCOMMON 0076
___aldiv                       text26       0CFC
___aldiv@counter               cstackBANK0  0020
___aldiv@dividend              cstackCOMMON 0074
___aldiv@divisor               cstackCOMMON 0070
___aldiv@quotient              cstackBANK0  0022
___aldiv@sign                  cstackBANK0  0021
___fldiv                       text15       0267
___fldiv@a                     cstackBANK0  0036
___fldiv@aexp                  cstackBANK0  004F
___fldiv@b                     cstackBANK0  003A
___fldiv@bexp                  cstackBANK0  004E
___fldiv@grs                   cstackBANK0  004A
___fldiv@new_exp               cstackBANK0  0048
___fldiv@rem                   cstackBANK0  0043
___fldiv@sign                  cstackBANK0  0047
___flmul                       text13       0470
___flmul@a                     cstackBANK0  0054
___flmul@aexp                  cstackBANK0  0062
___flmul@b                     cstackBANK0  0050
___flmul@bexp                  cstackBANK0  0063
___flmul@grs                   cstackBANK0  005E
___flmul@prod                  cstackBANK0  0064
___flmul@sign                  cstackBANK0  005D
___flmul@temp                  cstackBANK0  0068
___fltol                       text12       0E66
___fltol@exp1                  cstackBANK0  006F
___fltol@f1                    cstackBANK0  006A
___fltol@sign1                 cstackBANK0  006E
___int_sp                      stack        0000
___latbits                     (abs)        0002
___sp                          stack        0000
___xxtofl                      text11       0DA2
___xxtofl@arg                  cstackBANK0  0032
___xxtofl@exp                  cstackBANK0  0031
___xxtofl@sign                 cstackBANK0  0030
___xxtofl@val                  cstackBANK0  0028
__end_of_PWM1_Duty             text10       0C5D
__end_of_PWM1_Init             text25       0B40
__end_of_PWM1_Start            text24       095B
__end_of_PWM2_Duty             text9        0CFC
__end_of_PWM2_Init             text23       0062
__end_of_PWM2_Start            text22       0966
__end_of_PWM_Max_Duty          text16       0A5F
__end_of_SerialAvailable       text20       0948
__end_of_SerialBegin           text3        0151
__end_of_SerialRead            text19       0971
__end_of_SerialWrite           text18       0013
__end_of__Umul8_16             text14       0A01
__end_of___aldiv               text26       0DA2
__end_of___fldiv               text15       0470
__end_of___flmul               text13       07E5
__end_of___fltol               text12       0F2E
__end_of___xxtofl              text11       0E66
__end_of__initialization       cinit        07FC
__end_of_analogRead            text17       0BBE
__end_of_analogWrite           text8        0A2F
__end_of_cocienteEntero        text7        09D7
__end_of_configuracionInicial  text21       0AA3
__end_of_delay                 text6        0AF1
__end_of_loop                  text4        1000
__end_of_main                  maintext     0986
__end_of_pinMode               text2        0267
__end_of_residuo               text5        09B6
__end_of_setup                 text1        099D
__initialization               cinit        07E5
__pbssBANK1                    bssBANK1     00B3
__pcstackBANK0                 cstackBANK0  0020
__pcstackBANK1                 cstackBANK1  00A0
__pcstackCOMMON                cstackCOMMON 0070
__pdataBANK1                   dataBANK1    00C7
__pidataBANK1                  idataBANK1   0003
__pmaintext                    maintext     0971
__pnvBANK1                     nvBANK1      00C3
__ptext1                       text1        0986
__ptext10                      text10       0BBE
__ptext11                      text11       0DA2
__ptext12                      text12       0E66
__ptext13                      text13       0470
__ptext14                      text14       09D7
__ptext15                      text15       0267
__ptext16                      text16       0A2F
__ptext17                      text17       0B40
__ptext18                      text18       0005
__ptext19                      text19       0966
__ptext2                       text2        0151
__ptext20                      text20       0941
__ptext21                      text21       0A5F
__ptext22                      text22       095B
__ptext23                      text23       0013
__ptext24                      text24       0950
__ptext25                      text25       0AF1
__ptext26                      text26       0CFC
__ptext3                       text3        0062
__ptext4                       text4        0F2E
__ptext5                       text5        099D
__ptext6                       text6        0AA3
__ptext7                       text7        09B6
__ptext8                       text8        0A01
__ptext9                       text9        0C5D
__size_of_PWM1_Duty            (abs)        0000
__size_of_PWM1_Init            (abs)        0000
__size_of_PWM1_Start           (abs)        0000
__size_of_PWM2_Duty            (abs)        0000
__size_of_PWM2_Init            (abs)        0000
__size_of_PWM2_Start           (abs)        0000
__size_of_PWM_Max_Duty         (abs)        0000
__size_of_SerialAvailable      (abs)        0000
__size_of_SerialBegin          (abs)        0000
__size_of_SerialRead           (abs)        0000
__size_of_SerialWrite          (abs)        0000
__size_of__Umul8_16            (abs)        0000
__size_of___aldiv              (abs)        0000
__size_of___fldiv              (abs)        0000
__size_of___flmul              (abs)        0000
__size_of___fltol              (abs)        0000
__size_of___xxtofl             (abs)        0000
__size_of_analogRead           (abs)        0000
__size_of_analogWrite          (abs)        0000
__size_of_cocienteEntero       (abs)        0000
__size_of_configuracionInicial (abs)        0000
__size_of_delay                (abs)        0000
__size_of_loop                 (abs)        0000
__size_of_main                 (abs)        0000
__size_of_pinMode              (abs)        0000
__size_of_residuo              (abs)        0000
__size_of_setup                (abs)        0000
_analogRead                    text17       0B40
_analogWrite                   text8        0A01
_buffer                        dataBANK1    00C8
_cocienteEntero                text7        09B6
_configuracionInicial          text21       0A5F
_delay                         text6        0AA3
_freq                          nvBANK1      00C3
_loop                          text4        0F2E
_main                          maintext     0971
_pinMode                       text2        0151
_residuo                       text5        099D
_setup                         text1        0986
_vectorIn                      bssBANK1     00B3
_vectorOut                     bssBANK1     00B8
analogRead@channel             cstackCOMMON 0074
analogWrite@pin                cstackCOMMON 007D
analogWrite@value              cstackBANK1  00A9
btemp                          (abs)        007E
clear_ram0                     clrtext      0948
cocienteEntero@cont            cstackCOMMON 0074
cocienteEntero@denominator     cstackCOMMON 0072
cocienteEntero@numerator       cstackCOMMON 0070
cocienteEntero@temp1           cstackCOMMON 0076
delay@i                        cstackCOMMON 0075
delay@j                        cstackCOMMON 0073
delay@milis                    cstackCOMMON 0070
end_of_initialization          cinit        07FC
intlevel0                      functab      0000
intlevel1                      functab      0000
intlevel2                      functab      0000
intlevel3                      functab      0000
intlevel4                      functab      0000
intlevel5                      functab      0000
loop@i                         cstackBANK1  00AF
loop@i_90                      cstackBANK1  00B1
pinMode@mode                   cstackCOMMON 0070
pinMode@pin                    cstackCOMMON 0073
reset_vec                      reset_vec    0000
residuo@denominator            cstackCOMMON 0072
residuo@numerator              cstackCOMMON 0070
residuo@temp1                  cstackCOMMON 0074
stackhi                        (abs)        0000
stacklo                        (abs)        0000
start                          init         0000
start_initialization           cinit        07E5
wtemp0                         (abs)        007E


FUNCTION INFORMATION:

 *************** function _main *****************
 Defined at:
		line 7 in file "procedures.c"
 Parameters:    Size  Location     Type
		None
 Auto vars:     Size  Location     Type
		None
 Return value:  Size  Location     Type
                  2  178[None  ] int 
 Registers used:
		wreg, fsr0l, fsr0h, status,2, status,0, btemp+1, pclath, cstack
 Tracked objects:
		On entry : 
		On exit  : 
		Unchanged: 
 Data sizes:     COMMON   BANK0   BANK1   BANK3   BANK2
      Params:         0       0       0       0       0
      Locals:         0       0       0       0       0
      Temps:          0       0       0       0       0
      Totals:         0       0       0       0       0
Total ram usage:        0 bytes
 Hardware stack levels required when called:    5
 This function calls:
		_configuracionInicial
		_loop
		_setup
 This function is called by:
		Startup code after reset
 This function uses a non-reentrant model


 *************** function _setup *****************
 Defined at:
		line 19 in file "application.c"
 Parameters:    Size  Location     Type
		None
 Auto vars:     Size  Location     Type
		None
 Return value:  Size  Location     Type
                  1    wreg      void 
 Registers used:
		wreg, fsr0l, fsr0h, status,2, status,0, pclath, cstack
 Tracked objects:
		On entry : 
		On exit  : 
		Unchanged: 
 Data sizes:     COMMON   BANK0   BANK1   BANK3   BANK2
      Params:         0       0       0       0       0
      Locals:         0       0       0       0       0
      Temps:          0       0       0       0       0
      Totals:         0       0       0       0       0
Total ram usage:        0 bytes
 Hardware stack levels used:    1
 Hardware stack levels required when called:    2
 This function calls:
		_SerialBegin
		_pinMode
 This function is called by:
		_main
 This function uses a non-reentrant model


 *************** function _pinMode *****************
 Defined at:
		line 47 in file "procedures.c"
 Parameters:    Size  Location     Type
  pin             1    wreg     unsigned char 
  mode            1    0[COMMON] unsigned char 
 Auto vars:     Size  Location     Type
  pin             1    3[COMMON] unsigned char 
 Return value:  Size  Location     Type
                  1    wreg      void 
 Registers used:
		wreg, fsr0l, fsr0h, status,2, status,0
 Tracked objects:
		On entry : 
		On exit  : 
		Unchanged: 
 Data sizes:     COMMON   BANK0   BANK1   BANK3   BANK2
      Params:         1       0       0       0       0
      Locals:         1       0       0       0       0
      Temps:          2       0       0       0       0
      Totals:         4       0       0       0       0
Total ram usage:        4 bytes
 Hardware stack levels used:    1
 This function calls:
		Nothing
 This function is called by:
		_setup
 This function uses a non-reentrant model


 *************** function _SerialBegin *****************
 Defined at:
		line 338 in file "procedures.c"
 Parameters:    Size  Location     Type
  baudrate        4    6[BANK0 ] const long 
 Auto vars:     Size  Location     Type
  x               2    9[COMMON] unsigned int 
 Return value:  Size  Location     Type
                  1    wreg      unsigned char 
 Registers used:
		wreg, status,2, status,0, pclath, cstack
 Tracked objects:
		On entry : 
		On exit  : 
		Unchanged: 
 Data sizes:     COMMON   BANK0   BANK1   BANK3   BANK2
      Params:         0       4       0       0       0
      Locals:         2       0       0       0       0
      Temps:          0      12       0       0       0
      Totals:         2      16       0       0       0
Total ram usage:       18 bytes
 Hardware stack levels used:    1
 Hardware stack levels required when called:    1
 This function calls:
		___aldiv
 This function is called by:
		_setup
 This function uses a non-reentrant model


 *************** function _loop *****************
 Defined at:
		line 25 in file "application.c"
 Parameters:    Size  Location     Type
		None
 Auto vars:     Size  Location     Type
  i               2   17[BANK1 ] int 
  i               2   15[BANK1 ] int 
 Return value:  Size  Location     Type
                  1    wreg      void 
 Registers used:
		wreg, fsr0l, fsr0h, status,2, status,0, btemp+1, pclath, cstack
 Tracked objects:
		On entry : 
		On exit  : 
		Unchanged: 
 Data sizes:     COMMON   BANK0   BANK1   BANK3   BANK2
      Params:         0       0       0       0       0
      Locals:         0       0       4       0       0
      Temps:          0       0       2       0       0
      Totals:         0       0       6       0       0
Total ram usage:        6 bytes
 Hardware stack levels used:    1
 Hardware stack levels required when called:    4
 This function calls:
		_SerialAvailable
		_SerialRead
		_SerialWrite
		_analogRead
		_analogWrite
		_cocienteEntero
		_delay
		_residuo
 This function is called by:
		_main
 This function uses a non-reentrant model


 *************** function _residuo *****************
 Defined at:
		line 56 in file "application.c"
 Parameters:    Size  Location     Type
  numerator       2    0[COMMON] unsigned int 
  denominator     2    2[COMMON] unsigned int 
 Auto vars:     Size  Location     Type
  temp1           2    4[COMMON] unsigned int 
 Return value:  Size  Location     Type
                  1    wreg      unsigned char 
 Registers used:
		wreg
 Tracked objects:
		On entry : 
		On exit  : 
		Unchanged: 
 Data sizes:     COMMON   BANK0   BANK1   BANK3   BANK2
      Params:         4       0       0       0       0
      Locals:         2       0       0       0       0
      Temps:          0       0       0       0       0
      Totals:         6       0       0       0       0
Total ram usage:        6 bytes
 Hardware stack levels used:    1
 This function calls:
		Nothing
 This function is called by:
		_loop
 This function uses a non-reentrant model


 *************** function _delay *****************
 Defined at:
		line 360 in file "procedures.c"
 Parameters:    Size  Location     Type
  milis           2    0[COMMON] const int 
 Auto vars:     Size  Location     Type
  i               2    5[COMMON] int 
  j               2    3[COMMON] int 
 Return value:  Size  Location     Type
                  1    wreg      void 
 Registers used:
		wreg, status,2, btemp+1
 Tracked objects:
		On entry : 
		On exit  : 
		Unchanged: 
 Data sizes:     COMMON   BANK0   BANK1   BANK3   BANK2
      Params:         2       0       0       0       0
      Locals:         4       0       0       0       0
      Temps:          1       0       0       0       0
      Totals:         7       0       0       0       0
Total ram usage:        7 bytes
 Hardware stack levels used:    1
 This function calls:
		Nothing
 This function is called by:
		_loop
 This function uses a non-reentrant model


 *************** function _cocienteEntero *****************
 Defined at:
		line 66 in file "application.c"
 Parameters:    Size  Location     Type
  numerator       2    0[COMMON] unsigned int 
  denominator     2    2[COMMON] unsigned int 
 Auto vars:     Size  Location     Type
  temp1           2    6[COMMON] unsigned int 
  cont            2    4[COMMON] unsigned int 
 Return value:  Size  Location     Type
                  1    wreg      unsigned char 
 Registers used:
		wreg, status,2
 Tracked objects:
		On entry : 
		On exit  : 
		Unchanged: 
 Data sizes:     COMMON   BANK0   BANK1   BANK3   BANK2
      Params:         4       0       0       0       0
      Locals:         4       0       0       0       0
      Temps:          0       0       0       0       0
      Totals:         8       0       0       0       0
Total ram usage:        8 bytes
 Hardware stack levels used:    1
 This function calls:
		Nothing
 This function is called by:
		_loop
 This function uses a non-reentrant model


 *************** function _analogWrite *****************
 Defined at:
		line 325 in file "procedures.c"
 Parameters:    Size  Location     Type
  pin             1    wreg     unsigned char 
  value           2    9[BANK1 ] unsigned int 
 Auto vars:     Size  Location     Type
  pin             1   13[COMMON] unsigned char 
 Return value:  Size  Location     Type
                  1    wreg      void 
 Registers used:
		wreg, fsr0l, fsr0h, status,2, status,0, btemp+1, pclath, cstack
 Tracked objects:
		On entry : 
		On exit  : 
		Unchanged: 
 Data sizes:     COMMON   BANK0   BANK1   BANK3   BANK2
      Params:         0       0       2       0       0
      Locals:         1       0       0       0       0
      Temps:          0       0       2       0       0
      Totals:         1       0       4       0       0
Total ram usage:        5 bytes
 Hardware stack levels used:    1
 Hardware stack levels required when called:    3
 This function calls:
		_PWM1_Duty
		_PWM2_Duty
 This function is called by:
		_loop
 This function uses a non-reentrant model


 *************** function _PWM2_Duty *****************
 Defined at:
		line 429 in file "procedures.c"
 Parameters:    Size  Location     Type
  duty            2    5[BANK1 ] unsigned int 
 Auto vars:     Size  Location     Type
		None
 Return value:  Size  Location     Type
                  1    wreg      void 
 Registers used:
		wreg, status,2, status,0, btemp+1, pclath, cstack
 Tracked objects:
		On entry : 
		On exit  : 
		Unchanged: 
 Data sizes:     COMMON   BANK0   BANK1   BANK3   BANK2
      Params:         0       0       2       0       0
      Locals:         0       0       0       0       0
      Temps:          0       0       2       0       0
      Totals:         0       0       4       0       0
Total ram usage:        4 bytes
 Hardware stack levels used:    1
 Hardware stack levels required when called:    2
 This function calls:
		_PWM_Max_Duty
		___fldiv
		___flmul
		___fltol
		___xxtofl
 This function is called by:
		_analogWrite
 This function uses a non-reentrant model


 *************** function _PWM1_Duty *****************
 Defined at:
		line 418 in file "procedures.c"
 Parameters:    Size  Location     Type
  duty            2    5[BANK1 ] unsigned int 
 Auto vars:     Size  Location     Type
		None
 Return value:  Size  Location     Type
                  1    wreg      void 
 Registers used:
		wreg, status,2, status,0, btemp+1, pclath, cstack
 Tracked objects:
		On entry : 
		On exit  : 
		Unchanged: 
 Data sizes:     COMMON   BANK0   BANK1   BANK3   BANK2
      Params:         0       0       2       0       0
      Locals:         0       0       0       0       0
      Temps:          0       0       2       0       0
      Totals:         0       0       4       0       0
Total ram usage:        4 bytes
 Hardware stack levels used:    1
 Hardware stack levels required when called:    2
 This function calls:
		_PWM_Max_Duty
		___fldiv
		___flmul
		___fltol
		___xxtofl
 This function is called by:
		_analogWrite
 This function uses a non-reentrant model


 *************** function ___xxtofl *****************
 Defined at:
		line 10 in file "C:\Program Files (x86)\Microchip\xc8\v2.00\pic\sources\c90\common\xxtofl.c"
 Parameters:    Size  Location     Type
  sign            1    wreg     unsigned char 
  val             4    8[BANK0 ] long 
 Auto vars:     Size  Location     Type
  sign            1   16[BANK0 ] unsigned char 
  arg             4   18[BANK0 ] unsigned long 
  exp             1   17[BANK0 ] unsigned char 
 Return value:  Size  Location     Type
                  4    8[BANK0 ] unsigned char 
 Registers used:
		wreg, status,2, status,0
 Tracked objects:
		On entry : 
		On exit  : 
		Unchanged: 
 Data sizes:     COMMON   BANK0   BANK1   BANK3   BANK2
      Params:         0       4       0       0       0
      Locals:         0       6       0       0       0
      Temps:          0       4       0       0       0
      Totals:         0      14       0       0       0
Total ram usage:       14 bytes
 Hardware stack levels used:    1
 This function calls:
		Nothing
 This function is called by:
		_PWM1_Duty
		_PWM2_Duty
 This function uses a non-reentrant model


 *************** function ___fltol *****************
 Defined at:
		line 43 in file "C:\Program Files (x86)\Microchip\xc8\v2.00\pic\sources\c90\common\fltol.c"
 Parameters:    Size  Location     Type
  f1              4   74[BANK0 ] unsigned char 
 Auto vars:     Size  Location     Type
  exp1            1   79[BANK0 ] unsigned char 
  sign1           1   78[BANK0 ] unsigned char 
 Return value:  Size  Location     Type
                  4   74[BANK0 ] long 
 Registers used:
		wreg, status,2, status,0
 Tracked objects:
		On entry : 
		On exit  : 
		Unchanged: 
 Data sizes:     COMMON   BANK0   BANK1   BANK3   BANK2
      Params:         0       4       0       0       0
      Locals:         0       2       0       0       0
      Temps:          0       0       5       0       0
      Totals:         0       6       5       0       0
Total ram usage:       11 bytes
 Hardware stack levels used:    1
 This function calls:
		Nothing
 This function is called by:
		_PWM1_Duty
		_PWM2_Duty
 This function uses a non-reentrant model


 *************** function ___flmul *****************
 Defined at:
		line 8 in file "C:\Program Files (x86)\Microchip\xc8\v2.00\pic\sources\c90\common\sprcmul.c"
 Parameters:    Size  Location     Type
  b               4   48[BANK0 ] long 
  a               4   52[BANK0 ] long 
 Auto vars:     Size  Location     Type
  prod            4   68[BANK0 ] struct .
  grs             4   62[BANK0 ] unsigned long 
  temp            2   72[BANK0 ] struct .
  bexp            1   67[BANK0 ] unsigned char 
  aexp            1   66[BANK0 ] unsigned char 
  sign            1   61[BANK0 ] unsigned char 
 Return value:  Size  Location     Type
                  4   48[BANK0 ] unsigned char 
 Registers used:
		wreg, status,2, status,0, btemp+1, pclath, cstack
 Tracked objects:
		On entry : 
		On exit  : 
		Unchanged: 
 Data sizes:     COMMON   BANK0   BANK1   BANK3   BANK2
      Params:         0       8       0       0       0
      Locals:         0      13       0       0       0
      Temps:          0       5       0       0       0
      Totals:         0      26       0       0       0
Total ram usage:       26 bytes
 Hardware stack levels used:    1
 Hardware stack levels required when called:    1
 This function calls:
		__Umul8_16
 This function is called by:
		_PWM1_Duty
		_PWM2_Duty
 This function uses a non-reentrant model


 *************** function __Umul8_16 *****************
 Defined at:
		line 4 in file "C:\Program Files (x86)\Microchip\xc8\v2.00\pic\sources\c90\common\Umul8_16.c"
 Parameters:    Size  Location     Type
  multiplier      1    wreg     unsigned char 
  multiplicand    1    0[COMMON] unsigned char 
 Auto vars:     Size  Location     Type
  multiplier      1    8[COMMON] unsigned char 
  word_mpld       2    6[COMMON] unsigned int 
  product         2    4[COMMON] unsigned int 
 Return value:  Size  Location     Type
                  2    0[COMMON] unsigned int 
 Registers used:
		wreg, status,2, status,0
 Tracked objects:
		On entry : 
		On exit  : 
		Unchanged: 
 Data sizes:     COMMON   BANK0   BANK1   BANK3   BANK2
      Params:         2       0       0       0       0
      Locals:         5       0       0       0       0
      Temps:          2       0       0       0       0
      Totals:         9       0       0       0       0
Total ram usage:        9 bytes
 Hardware stack levels used:    1
 This function calls:
		Nothing
 This function is called by:
		___flmul
 This function uses a non-reentrant model


 *************** function ___fldiv *****************
 Defined at:
		line 8 in file "C:\Program Files (x86)\Microchip\xc8\v2.00\pic\sources\c90\common\sprcdiv.c"
 Parameters:    Size  Location     Type
  a               4   22[BANK0 ] unsigned int 
  b               4   26[BANK0 ] unsigned int 
 Auto vars:     Size  Location     Type
  grs             4   42[BANK0 ] unsigned long 
  rem             4   35[BANK0 ] unsigned long 
  new_exp         2   40[BANK0 ] int 
  aexp            1   47[BANK0 ] unsigned char 
  bexp            1   46[BANK0 ] unsigned char 
  sign            1   39[BANK0 ] unsigned char 
 Return value:  Size  Location     Type
                  4   22[BANK0 ] unsigned char 
 Registers used:
		wreg, status,2, status,0, btemp+1
 Tracked objects:
		On entry : 
		On exit  : 
		Unchanged: 
 Data sizes:     COMMON   BANK0   BANK1   BANK3   BANK2
      Params:         0       8       0       0       0
      Locals:         0      13       0       0       0
      Temps:          0       5       0       0       0
      Totals:         0      26       0       0       0
Total ram usage:       26 bytes
 Hardware stack levels used:    1
 This function calls:
		Nothing
 This function is called by:
		_PWM1_Duty
		_PWM2_Duty
 This function uses a non-reentrant model


 *************** function _PWM_Max_Duty *****************
 Defined at:
		line 401 in file "procedures.c"
 Parameters:    Size  Location     Type
		None
 Auto vars:     Size  Location     Type
		None
 Return value:  Size  Location     Type
                  2    6[BANK0 ] int 
 Registers used:
		wreg, status,2, status,0, pclath, cstack
 Tracked objects:
		On entry : 
		On exit  : 
		Unchanged: 
 Data sizes:     COMMON   BANK0   BANK1   BANK3   BANK2
      Params:         0       2       0       0       0
      Locals:         0       0       0       0       0
      Temps:          4       0       0       0       0
      Totals:         4       2       0       0       0
Total ram usage:        6 bytes
 Hardware stack levels used:    1
 Hardware stack levels required when called:    1
 This function calls:
		___aldiv
 This function is called by:
		_PWM1_Duty
		_PWM2_Duty
 This function uses a non-reentrant model


 *************** function _analogRead *****************
 Defined at:
		line 283 in file "procedures.c"
 Parameters:    Size  Location     Type
  channel         1    wreg     unsigned char 
 Auto vars:     Size  Location     Type
  channel         1    4[COMMON] unsigned char 
 Return value:  Size  Location     Type
                  2    0[COMMON] unsigned int 
 Registers used:
		wreg, fsr0l, fsr0h, status,2, status,0
 Tracked objects:
		On entry : 
		On exit  : 
		Unchanged: 
 Data sizes:     COMMON   BANK0   BANK1   BANK3   BANK2
      Params:         2       0       0       0       0
      Locals:         1       0       0       0       0
      Temps:          2       0       0       0       0
      Totals:         5       0       0       0       0
Total ram usage:        5 bytes
 Hardware stack levels used:    1
 This function calls:
		Nothing
 This function is called by:
		_loop
 This function uses a non-reentrant model


 *************** function _SerialWrite *****************
 Defined at:
		line 371 in file "procedures.c"
 Parameters:    Size  Location     Type
  data            1    wreg     unsigned char 
 Auto vars:     Size  Location     Type
  data            1    0[COMMON] unsigned char 
 Return value:  Size  Location     Type
                  1    wreg      void 
 Registers used:
		wreg
 Tracked objects:
		On entry : 
		On exit  : 
		Unchanged: 
 Data sizes:     COMMON   BANK0   BANK1   BANK3   BANK2
      Params:         0       0       0       0       0
      Locals:         1       0       0       0       0
      Temps:          0       0       0       0       0
      Totals:         1       0       0       0       0
Total ram usage:        1 bytes
 Hardware stack levels used:    1
 This function calls:
		Nothing
 This function is called by:
		_loop
		_SerialWriteText
 This function uses a non-reentrant model


 *************** function _SerialRead *****************
 Defined at:
		line 390 in file "procedures.c"
 Parameters:    Size  Location     Type
		None
 Auto vars:     Size  Location     Type
		None
 Return value:  Size  Location     Type
                  1    wreg      unsigned char 
 Registers used:
		wreg
 Tracked objects:
		On entry : 
		On exit  : 
		Unchanged: 
 Data sizes:     COMMON   BANK0   BANK1   BANK3   BANK2
      Params:         0       0       0       0       0
      Locals:         0       0       0       0       0
      Temps:          0       0       0       0       0
      Totals:         0       0       0       0       0
Total ram usage:        0 bytes
 Hardware stack levels used:    1
 This function calls:
		Nothing
 This function is called by:
		_loop
		_SerialReadText
 This function uses a non-reentrant model


 *************** function _SerialAvailable *****************
 Defined at:
		line 380 in file "procedures.c"
 Parameters:    Size  Location     Type
		None
 Auto vars:     Size  Location     Type
		None
 Return value:  Size  Location     Type
                  1    wreg      unsigned char 
 Registers used:
		wreg
 Tracked objects:
		On entry : 
		On exit  : 
		Unchanged: 
 Data sizes:     COMMON   BANK0   BANK1   BANK3   BANK2
      Params:         0       0       0       0       0
      Locals:         0       0       0       0       0
      Temps:          0       0       0       0       0
      Totals:         0       0       0       0       0
Total ram usage:        0 bytes
 Hardware stack levels used:    1
 This function calls:
		Nothing
 This function is called by:
		_loop
 This function uses a non-reentrant model


 *************** function _configuracionInicial *****************
 Defined at:
		line 17 in file "procedures.c"
 Parameters:    Size  Location     Type
		None
 Auto vars:     Size  Location     Type
		None
 Return value:  Size  Location     Type
                  1    wreg      void 
 Registers used:
		wreg, status,2, status,0, pclath, cstack
 Tracked objects:
		On entry : 
		On exit  : 
		Unchanged: 
 Data sizes:     COMMON   BANK0   BANK1   BANK3   BANK2
      Params:         0       0       0       0       0
      Locals:         0       0       0       0       0
      Temps:          0       0       0       0       0
      Totals:         0       0       0       0       0
Total ram usage:        0 bytes
 Hardware stack levels used:    1
 Hardware stack levels required when called:    2
 This function calls:
		_PWM1_Init
		_PWM1_Start
		_PWM2_Init
		_PWM2_Start
 This function is called by:
		_main
 This function uses a non-reentrant model


 *************** function _PWM2_Start *****************
 Defined at:
		line 464 in file "procedures.c"
 Parameters:    Size  Location     Type
		None
 Auto vars:     Size  Location     Type
		None
 Return value:  Size  Location     Type
                  1    wreg      void 
 Registers used:
		None
 Tracked objects:
		On entry : 
		On exit  : 
		Unchanged: 
 Data sizes:     COMMON   BANK0   BANK1   BANK3   BANK2
      Params:         0       0       0       0       0
      Locals:         0       0       0       0       0
      Temps:          0       0       0       0       0
      Totals:         0       0       0       0       0
Total ram usage:        0 bytes
 Hardware stack levels used:    1
 This function calls:
		Nothing
 This function is called by:
		_configuracionInicial
 This function uses a non-reentrant model


 *************** function _PWM2_Init *****************
 Defined at:
		line 412 in file "procedures.c"
 Parameters:    Size  Location     Type
  fre             4    6[BANK0 ] long 
 Auto vars:     Size  Location     Type
		None
 Return value:  Size  Location     Type
                  1    wreg      void 
 Registers used:
		wreg, status,2, status,0, pclath, cstack
 Tracked objects:
		On entry : 
		On exit  : 
		Unchanged: 
 Data sizes:     COMMON   BANK0   BANK1   BANK3   BANK2
      Params:         0       4       0       0       0
      Locals:         0       0       0       0       0
      Temps:          4       0       0       0       0
      Totals:         4       4       0       0       0
Total ram usage:        8 bytes
 Hardware stack levels used:    1
 Hardware stack levels required when called:    1
 This function calls:
		___aldiv
 This function is called by:
		_configuracionInicial
 This function uses a non-reentrant model


 *************** function _PWM1_Start *****************
 Defined at:
		line 440 in file "procedures.c"
 Parameters:    Size  Location     Type
		None
 Auto vars:     Size  Location     Type
		None
 Return value:  Size  Location     Type
                  1    wreg      void 
 Registers used:
		None
 Tracked objects:
		On entry : 
		On exit  : 
		Unchanged: 
 Data sizes:     COMMON   BANK0   BANK1   BANK3   BANK2
      Params:         0       0       0       0       0
      Locals:         0       0       0       0       0
      Temps:          0       0       0       0       0
      Totals:         0       0       0       0       0
Total ram usage:        0 bytes
 Hardware stack levels used:    1
 This function calls:
		Nothing
 This function is called by:
		_configuracionInicial
 This function uses a non-reentrant model


 *************** function _PWM1_Init *****************
 Defined at:
		line 406 in file "procedures.c"
 Parameters:    Size  Location     Type
  fre             4    6[BANK0 ] long 
 Auto vars:     Size  Location     Type
		None
 Return value:  Size  Location     Type
                  1    wreg      void 
 Registers used:
		wreg, status,2, status,0, pclath, cstack
 Tracked objects:
		On entry : 
		On exit  : 
		Unchanged: 
 Data sizes:     COMMON   BANK0   BANK1   BANK3   BANK2
      Params:         0       4       0       0       0
      Locals:         0       0       0       0       0
      Temps:          4       0       0       0       0
      Totals:         4       4       0       0       0
Total ram usage:        8 bytes
 Hardware stack levels used:    1
 Hardware stack levels required when called:    1
 This function calls:
		___aldiv
 This function is called by:
		_configuracionInicial
 This function uses a non-reentrant model


 *************** function ___aldiv *****************
 Defined at:
		line 5 in file "C:\Program Files (x86)\Microchip\xc8\v2.00\pic\sources\c90\common\aldiv.c"
 Parameters:    Size  Location     Type
  divisor         4    0[COMMON] long 
  dividend        4    4[COMMON] long 
 Auto vars:     Size  Location     Type
  quotient        4    2[BANK0 ] long 
  sign            1    1[BANK0 ] unsigned char 
  counter         1    0[BANK0 ] unsigned char 
 Return value:  Size  Location     Type
                  4    0[COMMON] long 
 Registers used:
		wreg, status,2, status,0
 Tracked objects:
		On entry : 
		On exit  : 
		Unchanged: 
 Data sizes:     COMMON   BANK0   BANK1   BANK3   BANK2
      Params:         8       0       0       0       0
      Locals:         0       6       0       0       0
      Temps:          1       0       0       0       0
      Totals:         9       6       0       0       0
Total ram usage:       15 bytes
 Hardware stack levels used:    1
 This function calls:
		Nothing
 This function is called by:
		_SerialBegin
		_PWM_Max_Duty
		_PWM1_Init
		_PWM2_Init
 This function uses a non-reentrant model



MODULE INFORMATION

Module		Function		Class		Link	Load	Size
C:\Program Files (x86)\Microchip\xc8\v2.00\pic\sources\c90\common\sprcmul.c
		___flmul       		CODE           	0470	0000	886

C:\Program Files (x86)\Microchip\xc8\v2.00\pic\sources\c90\common\sprcmul.c estimated size: 886

C:\Program Files (x86)\Microchip\xc8\v2.00\pic\sources\c90\common\sprcdiv.c
		___fldiv       		CODE           	0267	0000	522

C:\Program Files (x86)\Microchip\xc8\v2.00\pic\sources\c90\common\sprcdiv.c estimated size: 522

procedures.c
		_PWM1_Start    		CODE           	0950	0000	12
		_delay         		CODE           	0AA3	0000	79
		_PWM2_Start    		CODE           	095B	0000	12
		_SerialAvailable		CODE           	0941	0000	8
		_main          		CODE           	0971	0000	22
		_SerialRead    		CODE           	0966	0000	12
		_SerialBegin   		CODE           	0062	0000	240
		_analogWrite   		CODE           	0A01	0000	47
		_PWM1_Init     		CODE           	0AF1	0000	80
		_PWM_Max_Duty  		CODE           	0A2F	0000	49
		_PWM2_Init     		CODE           	0013	0000	80
		_PWM1_Duty     		CODE           	0BBE	0000	160
		_PWM2_Duty     		CODE           	0C5D	0000	160
		_SerialWrite   		CODE           	0005	0000	15
		_pinMode       		CODE           	0151	0000	279
		_analogRead    		CODE           	0B40	0000	127
		_configuracionInicial		CODE           	0A5F	0000	69

procedures.c estimated size: 1451

C:\Program Files (x86)\Microchip\xc8\v2.00\pic\sources\c90\common\fltol.c
		___fltol       		CODE           	0E66	0000	201

C:\Program Files (x86)\Microchip\xc8\v2.00\pic\sources\c90\common\fltol.c estimated size: 201

shared
		__initialization		CODE           	07E5	0000	24

shared estimated size: 24

C:\Program Files (x86)\Microchip\xc8\v2.00\pic\sources\c90\common\xxtofl.c
		___xxtofl      		CODE           	0DA2	0000	197

C:\Program Files (x86)\Microchip\xc8\v2.00\pic\sources\c90\common\xxtofl.c estimated size: 197

C:\Program Files (x86)\Microchip\xc8\v2.00\pic\sources\c90\common\aldiv.c
		___aldiv       		CODE           	0CFC	0000	167

C:\Program Files (x86)\Microchip\xc8\v2.00\pic\sources\c90\common\aldiv.c estimated size: 167

C:\Program Files (x86)\Microchip\xc8\v2.00\pic\sources\c90\common\Umul8_16.c
		__Umul8_16     		CODE           	09D7	0000	43

C:\Program Files (x86)\Microchip\xc8\v2.00\pic\sources\c90\common\Umul8_16.c estimated size: 43

application.c
		_loop          		CODE           	0F2E	0000	211
		_cocienteEntero		CODE           	09B6	0000	34
		_residuo       		CODE           	099D	0000	26
		_setup         		CODE           	0986	0000	24

application.c estimated size: 295

