Microchip MPLAB XC8 Compiler V2.00 ()

Linker command line:

-W-3 --edf=C:\Program Files (x86)\Microchip\xc8\v2.00\pic\dat\en_msgs.txt \
  -cs -h+dist/default/production\PIC16F877Library.X.production.sym \
  --cmf=dist/default/production\PIC16F877Library.X.production.cmf -z \
  -Q16F877 -oC:\Users\DEYANE~1\AppData\Local\Temp\s1ns.2 \
  --defsym=__MPLAB_BUILD=1 \
  -Mdist/default/production/PIC16F877Library.X.production.map -E1 -ver=XC8 \
  --acfsm=1493 -ASTACK=0110h-016fh -pstack=STACK -ACODE=00h-07FFhx4 \
  -ASTRCODE=00h-01FFFh -ASTRING=00h-0FFhx32 -ACONST=00h-0FFhx32 \
  -AENTRY=00h-0FFhx32 -ACOMMON=070h-07Fh -ABANK0=020h-06Fh \
  -ABANK1=0A0h-0EFh -ABANK2=0110h-016Fh -ABANK3=0190h-01EFh \
  -ARAM=020h-06Fh,0A0h-0EFh,0110h-016Fh,0190h-01EFh \
  -AABS1=020h-07Fh,0A0h-0EFh,0110h-016Fh,0190h-01EFh -ASFR0=00h-01Fh \
  -ASFR1=080h-09Fh -ASFR2=0100h-010Fh -ASFR3=0180h-018Fh \
  -preset_vec=00h,intentry,init,end_init -ppowerup=CODE -pcinit=CODE \
  -pfunctab=ENTRY -ACONFIG=02007h-02007h -pconfig=CONFIG -DCONFIG=2 \
  -AIDLOC=02000h-02003h -pidloc=IDLOC -DIDLOC=2 -AEEDATA=00h-0FFh/02100h \
  -peeprom_data=EEDATA -DEEDATA=2 -DCODE=2 -DSTRCODE=2 -DSTRING=2 -DCONST=2 \
  -DENTRY=2 -k C:\Users\DEYANE~1\AppData\Local\Temp\s1ns.o \
  dist/default/production\PIC16F877Library.X.production.o 

Object code version is 3.11

Machine type is 16F877



                Name                               Link     Load   Length Selector   Space Scale
C:\Users\DEYANE~1\AppData\Local\Temp\s1ns.o
                end_init                              0        0        3        0       0
                config                             2007     2007        1     400E       0
dist/default/production\PIC16F877Library.X.production.o
                cinit                               7E7      7E7       19      FCE       0
                text16                              62B      62B       A6      C56       0
                text15                              39C      39C       41      738       0
                text14                              312      312        B      624       0
                text13                              3DD      3DD       41      7BA       0
                text12                              31D      31D        B      63A       0
                text11                              41E      41E       44      83C       0
                text10                              303      303        7      606       0
                text9                               328      328        E      650       0
                text8                               51F      51F       7E      A3E       0
                text7                               37B      37B       21      6F6       0
                text6                               462      462       4E      8C4       0
                text5                               362      362       19      6C4       0
                text4                               4B0      4B0       6F      960       0
                text3                               59D      59D       8E      B3A       0
                text2                               6D1      6D1      116      DA2       0
                text1                               34B      34B       17      696       0
                maintext                            336      336       15      66C       0
                cstackBANK0                          30       30        C       20       1
                cstackCOMMON                         70       70        D       70       1
                clrtext                             30A      30A        8      614       0
                dataBANK0                            40       40        1       20       1
                bssBANK0                             20       20       10       20       1
                dataCOMMON                           7D       7D        1       70       1
                nvBANK0                              3C       3C        4       20       1
                idataBANK0                          301      301        1      602       0
                idataCOMMON                         302      302        1      604       0

TOTAL           Name                               Link     Load   Length     Space
        CLASS   STACK          

        CLASS   CODE           
                end_init                              0        0        3         0
                cinit                               7E7      7E7       19         0
                text16                              62B      62B       A6         0
                text15                              39C      39C       41         0
                text14                              312      312        B         0
                text13                              3DD      3DD       41         0
                text12                              31D      31D        B         0
                text11                              41E      41E       44         0
                text10                              303      303        7         0
                text9                               328      328        E         0
                text8                               51F      51F       7E         0
                text7                               37B      37B       21         0
                text6                               462      462       4E         0
                text5                               362      362       19         0
                text4                               4B0      4B0       6F         0
                text3                               59D      59D       8E         0
                text2                               6D1      6D1      116         0
                text1                               34B      34B       17         0
                maintext                            336      336       15         0
                clrtext                             30A      30A        8         0
                idataBANK0                          301      301        1         0
                idataCOMMON                         302      302        1         0

        CLASS   STRCODE        

        CLASS   STRING         

        CLASS   CONST          

        CLASS   ENTRY          

        CLASS   COMMON         
                cstackCOMMON                         70       70        D         1
                dataCOMMON                           7D       7D        1         1

        CLASS   BANK0          
                cstackBANK0                          30       30        C         1
                dataBANK0                            40       40        1         1
                bssBANK0                             20       20       10         1
                nvBANK0                              3C       3C        4         1

        CLASS   BANK1          

        CLASS   BANK2          

        CLASS   BANK3          

        CLASS   RAM            

        CLASS   ABS1           
                abs_s1                               7E       7E        2         1

        CLASS   SFR0           

        CLASS   SFR1           

        CLASS   SFR2           

        CLASS   SFR3           

        CLASS   CONFIG         
                config                             2007     2007        1         0

        CLASS   IDLOC          

        CLASS   EEDATA         



SEGMENTS        Name                           Load    Length   Top    Selector   Space  Class     Delta

                reset_vec                      000000  000003  000003         0       0  CODE        2
                bssBANK0                       000020  000021  000041        20       1  BANK0       1
                cstackCOMMON                   000070  00000E  00007E        70       1  COMMON      1
                idataBANK0                     000301  000001  000302       602       0  CODE        2
                idataCOMMON                    000302  000001  000303       604       0  CODE        2
                text10                         000303  000007  00030A       606       0  CODE        2
                clrtext                        00030A  000008  000312       614       0  CODE        2
                text14                         000312  00000B  00031D       624       0  CODE        2
                text12                         00031D  00000B  000328       63A       0  CODE        2
                text9                          000328  00000E  000336       650       0  CODE        2
                maintext                       000336  000015  00034B       66C       0  CODE        2
                text1                          00034B  000017  000362       696       0  CODE        2
                text5                          000362  000019  00037B       6C4       0  CODE        2
                text7                          00037B  000021  00039C       6F6       0  CODE        2
                text15                         00039C  000041  0003DD       738       0  CODE        2
                text13                         0003DD  000041  00041E       7BA       0  CODE        2
                text11                         00041E  000044  000462       83C       0  CODE        2
                text6                          000462  00004E  0004B0       8C4       0  CODE        2
                text4                          0004B0  00006F  00051F       960       0  CODE        2
                text8                          00051F  00007E  00059D       A3E       0  CODE        2
                text3                          00059D  00008E  00062B       B3A       0  CODE        2
                text16                         00062B  0000A6  0006D1       C56       0  CODE        2
                text2                          0006D1  000116  0007E7       DA2       0  CODE        2
                cinit                          0007E7  000019  000800       FCE       0  CODE        2
                config                         002007  000001  002008      400E       0  CONFIG      2


UNUSED ADDRESS RANGES

        Name                Unused          Largest block    Delta
        BANK0            0041-006F             2F           1
        BANK1            00A0-00EF             50           1
        BANK2            0110-016F             60           1
        BANK3            0190-01EF             60           1
        CODE             0003-0300            2FE           2
                         0800-1FFF            800
        CONST            0003-0300            100           2
                         0800-1FFF            100
        EEDATA           2100-21FF            100           2
        ENTRY            0003-0300            100           2
                         0800-1FFF            100
        IDLOC            2000-2003              4           2
        RAM              0041-006F             2F           1
                         00A0-00EF             50
                         0110-016F             60
                         0190-01EF             60
        SFR0             0000-001F             20           1
        SFR1             0080-009F             20           1
        SFR2             0100-010F             10           1
        SFR3             0180-018F             10           1
        STACK            0110-016F             60           1
        STRCODE          0003-0300            2FE           2
                         0800-1FFF           1800
        STRING           0003-0300            100           2
                         0800-1FFF            100

                                  Symbol Table

?___aldiv                      cstackCOMMON 0070
?_analogRead                   cstackCOMMON 0070
PWM1_Init@fre                  cstackBANK0  0036
PWM2_Init@fre                  cstackBANK0  0036
SerialBegin@baudrate           cstackBANK0  0036
SerialBegin@x                  cstackBANK0  003A
SerialWrite@data               cstackCOMMON 0070
_ADC                           bssBANK0     0027
_ADCLSB                        bssBANK0     002B
_ADCMSB                        bssBANK0     002C
_ADCON0                        (abs)        001F
_ADCON0bits                    (abs)        001F
_ADCON1                        (abs)        009F
_ADRESH                        (abs)        001E
_ADRESL                        (abs)        009E
_BRGH                          (abs)        04C2
_CCP1M2                        (abs)        00BA
_CCP1M3                        (abs)        00BB
_CCP1X                         (abs)        00BD
_CCP1Y                         (abs)        00BC
_CCP2M2                        (abs)        00EA
_CCP2M3                        (abs)        00EB
_CCP2X                         (abs)        00ED
_CCP2Y                         (abs)        00EC
_CCPR1L                        (abs)        0015
_CCPR2L                        (abs)        001B
_CREN                          (abs)        00C4
_PORTBbits                     (abs)        0006
_PORTCbits                     (abs)        0007
_PORTDbits                     (abs)        0008
_PORTE                         (abs)        0009
_PR2                           (abs)        0092
_PWM1_Init                     text15       039C
_PWM1_Start                    text14       0312
_PWM2_Init                     text13       03DD
_PWM2_Start                    text12       031D
_RCIF                          (abs)        0065
_RCREG                         (abs)        001A
_SPBRG                         (abs)        0099
_SPEN                          (abs)        00C7
_SYNC                          (abs)        04C4
_SerialAvailable               text10       0303
_SerialBegin                   text3        059D
_SerialWrite                   text9        0328
_T2CKPS0                       (abs)        0090
_T2CKPS1                       (abs)        0091
_TMR2ON                        (abs)        0092
_TRISBbits                     (abs)        0086
_TRISC1                        (abs)        0439
_TRISC2                        (abs)        043A
_TRISC6                        (abs)        043E
_TRISC7                        (abs)        043F
_TRISCbits                     (abs)        0087
_TRISDbits                     (abs)        0088
_TRISE                         (abs)        0089
_TRMT                          (abs)        04C1
_TXEN                          (abs)        04C5
_TXREG                         (abs)        0019
__CFG_BOREN$OFF                (abs)        0000
__CFG_CP$OFF                   (abs)        0000
__CFG_CPD$OFF                  (abs)        0000
__CFG_FOSC$HS                  (abs)        0000
__CFG_LVP$OFF                  (abs)        0000
__CFG_PWRTE$OFF                (abs)        0000
__CFG_WDTE$OFF                 (abs)        0000
__CFG_WRT$ON                   (abs)        0000
__Habs1                        abs1         0000
__Hbank0                       bank0        0000
__Hbank1                       bank1        0000
__Hbank2                       bank2        0000
__Hbank3                       bank3        0000
__HbssBANK0                    bssBANK0     0000
__Hcinit                       cinit        0800
__Hclrtext                     clrtext      0000
__Hcode                        code         0000
__Hcommon                      common       0000
__Hconfig                      config       2008
__HcstackBANK0                 cstackBANK0  0000
__HcstackCOMMON                cstackCOMMON 0000
__HdataBANK0                   dataBANK0    0000
__HdataCOMMON                  dataCOMMON   0000
__Heeprom_data                 eeprom_data  0000
__Hend_init                    end_init     0003
__Hfunctab                     functab      0000
__HidataBANK0                  idataBANK0   0000
__HidataCOMMON                 idataCOMMON  0000
__Hidloc                       idloc        0000
__Hinit                        init         0000
__Hintentry                    intentry     0000
__Hmaintext                    maintext     0000
__HnvBANK0                     nvBANK0      0000
__Hpowerup                     powerup      0000
__Hram                         ram          0000
__Hreset_vec                   reset_vec    0000
__Hsfr0                        sfr0         0000
__Hsfr1                        sfr1         0000
__Hsfr2                        sfr2         0000
__Hsfr3                        sfr3         0000
__Hspace_0                     (abs)        2008
__Hspace_1                     (abs)        007E
__Hspace_2                     (abs)        0000
__Hspace_3                     (abs)        0000
__Hstack                       stack        0000
__Hstrings                     strings      0000
__Htext                        text         0000
__Labs1                        abs1         0000
__Lbank0                       bank0        0000
__Lbank1                       bank1        0000
__Lbank2                       bank2        0000
__Lbank3                       bank3        0000
__LbssBANK0                    bssBANK0     0000
__Lcinit                       cinit        07E7
__Lclrtext                     clrtext      0000
__Lcode                        code         0000
__Lcommon                      common       0000
__Lconfig                      config       2007
__LcstackBANK0                 cstackBANK0  0000
__LcstackCOMMON                cstackCOMMON 0000
__LdataBANK0                   dataBANK0    0000
__LdataCOMMON                  dataCOMMON   0000
__Leeprom_data                 eeprom_data  0000
__Lend_init                    end_init     0000
__Lfunctab                     functab      0000
__LidataBANK0                  idataBANK0   0000
__LidataCOMMON                 idataCOMMON  0000
__Lidloc                       idloc        0000
__Linit                        init         0000
__Lintentry                    intentry     0000
__Lmaintext                    maintext     0000
__LnvBANK0                     nvBANK0      0000
__Lpowerup                     powerup      0000
__Lram                         ram          0000
__Lreset_vec                   reset_vec    0000
__Lsfr0                        sfr0         0000
__Lsfr1                        sfr1         0000
__Lsfr2                        sfr2         0000
__Lsfr3                        sfr3         0000
__Lspace_0                     (abs)        0000
__Lspace_1                     (abs)        0000
__Lspace_2                     (abs)        0000
__Lspace_3                     (abs)        0000
__Lstack                       stack        0000
__Lstrings                     strings      0000
__Ltext                        text         0000
__S0                           (abs)        2008
__S1                           (abs)        007E
__S2                           (abs)        0000
__S3                           (abs)        0000
___aldiv                       text16       062B
___aldiv@counter               cstackBANK0  0030
___aldiv@dividend              cstackCOMMON 0074
___aldiv@divisor               cstackCOMMON 0070
___aldiv@quotient              cstackBANK0  0032
___aldiv@sign                  cstackBANK0  0031
___int_sp                      stack        0000
___latbits                     (abs)        0002
___sp                          stack        0000
__end_of_PWM1_Init             text15       03DD
__end_of_PWM1_Start            text14       031D
__end_of_PWM2_Init             text13       041E
__end_of_PWM2_Start            text12       0328
__end_of_SerialAvailable       text10       030A
__end_of_SerialBegin           text3        062B
__end_of_SerialWrite           text9        0336
__end_of___aldiv               text16       06D1
__end_of__initialization       cinit        07FC
__end_of_analogRead            text8        059D
__end_of_cocienteEntero        text7        039C
__end_of_configuracionInicial  text11       0462
__end_of_delay                 text6        04B0
__end_of_loop                  text4        051F
__end_of_main                  maintext     034B
__end_of_pinMode               text2        07E7
__end_of_residuo               text5        037B
__end_of_setup                 text1        0362
__initialization               cinit        07E7
__pbssBANK0                    bssBANK0     0020
__pcstackBANK0                 cstackBANK0  0030
__pcstackCOMMON                cstackCOMMON 0070
__pdataBANK0                   dataBANK0    0040
__pdataCOMMON                  dataCOMMON   007D
__pidataBANK0                  idataBANK0   0301
__pidataCOMMON                 idataCOMMON  0302
__pmaintext                    maintext     0336
__pnvBANK0                     nvBANK0      003C
__ptext1                       text1        034B
__ptext10                      text10       0303
__ptext11                      text11       041E
__ptext12                      text12       031D
__ptext13                      text13       03DD
__ptext14                      text14       0312
__ptext15                      text15       039C
__ptext16                      text16       062B
__ptext2                       text2        06D1
__ptext3                       text3        059D
__ptext4                       text4        04B0
__ptext5                       text5        0362
__ptext6                       text6        0462
__ptext7                       text7        037B
__ptext8                       text8        051F
__ptext9                       text9        0328
__size_of_PWM1_Init            (abs)        0000
__size_of_PWM1_Start           (abs)        0000
__size_of_PWM2_Init            (abs)        0000
__size_of_PWM2_Start           (abs)        0000
__size_of_SerialAvailable      (abs)        0000
__size_of_SerialBegin          (abs)        0000
__size_of_SerialWrite          (abs)        0000
__size_of___aldiv              (abs)        0000
__size_of_analogRead           (abs)        0000
__size_of_cocienteEntero       (abs)        0000
__size_of_configuracionInicial (abs)        0000
__size_of_delay                (abs)        0000
__size_of_loop                 (abs)        0000
__size_of_main                 (abs)        0000
__size_of_pinMode              (abs)        0000
__size_of_residuo              (abs)        0000
__size_of_setup                (abs)        0000
_analogRead                    text8        051F
_buffer                        dataCOMMON   007D
_cocienteEntero                text7        037B
_configuracionInicial          text11       041E
_delay                         text6        0462
_freq                          nvBANK0      003C
_loop                          text4        04B0
_main                          maintext     0336
_pinMode                       text2        06D1
_residuo                       text5        0362
_setup                         text1        034B
_vectorOut                     bssBANK0     0025
analogRead@channel             cstackCOMMON 0074
btemp                          (abs)        007E
clear_ram0                     clrtext      030A
cocienteEntero@cont            cstackCOMMON 0074
cocienteEntero@denominator     cstackCOMMON 0072
cocienteEntero@numerator       cstackCOMMON 0070
cocienteEntero@temp1           cstackCOMMON 0076
delay@i                        cstackCOMMON 0075
delay@j                        cstackCOMMON 0073
delay@milis                    cstackCOMMON 0070
end_of_initialization          cinit        07FC
intlevel0                      functab      0000
intlevel1                      functab      0000
intlevel2                      functab      0000
intlevel3                      functab      0000
intlevel4                      functab      0000
intlevel5                      functab      0000
loop@i                         cstackCOMMON 0079
pinMode@mode                   cstackCOMMON 0070
pinMode@pin                    cstackCOMMON 0073
reset_vec                      reset_vec    0000
residuo@denominator            cstackCOMMON 0072
residuo@numerator              cstackCOMMON 0070
residuo@temp1                  cstackCOMMON 0074
stackhi                        (abs)        0000
stacklo                        (abs)        0000
start                          init         0000
start_initialization           cinit        07E7
wtemp0                         (abs)        007E


FUNCTION INFORMATION:

 *************** function _main *****************
 Defined at:
		line 7 in file "procedures.c"
 Parameters:    Size  Location     Type
		None
 Auto vars:     Size  Location     Type
		None
 Return value:  Size  Location     Type
                  2  170[None  ] int 
 Registers used:
		wreg, fsr0l, fsr0h, status,2, status,0, btemp+1, pclath, cstack
 Tracked objects:
		On entry : 
		On exit  : 
		Unchanged: 
 Data sizes:     COMMON   BANK0   BANK1   BANK3   BANK2
      Params:         0       0       0       0       0
      Locals:         0       0       0       0       0
      Temps:          0       0       0       0       0
      Totals:         0       0       0       0       0
Total ram usage:        0 bytes
 Hardware stack levels required when called:    3
 This function calls:
		_configuracionInicial
		_loop
		_setup
 This function is called by:
		Startup code after reset
 This function uses a non-reentrant model


 *************** function _setup *****************
 Defined at:
		line 19 in file "application.c"
 Parameters:    Size  Location     Type
		None
 Auto vars:     Size  Location     Type
		None
 Return value:  Size  Location     Type
                  1    wreg      void 
 Registers used:
		wreg, fsr0l, fsr0h, status,2, status,0, pclath, cstack
 Tracked objects:
		On entry : 
		On exit  : 
		Unchanged: 
 Data sizes:     COMMON   BANK0   BANK1   BANK3   BANK2
      Params:         0       0       0       0       0
      Locals:         0       0       0       0       0
      Temps:          0       0       0       0       0
      Totals:         0       0       0       0       0
Total ram usage:        0 bytes
 Hardware stack levels used:    1
 Hardware stack levels required when called:    2
 This function calls:
		_SerialBegin
		_pinMode
 This function is called by:
		_main
 This function uses a non-reentrant model


 *************** function _pinMode *****************
 Defined at:
		line 47 in file "procedures.c"
 Parameters:    Size  Location     Type
  pin             1    wreg     unsigned char 
  mode            1    0[COMMON] unsigned char 
 Auto vars:     Size  Location     Type
  pin             1    3[COMMON] unsigned char 
 Return value:  Size  Location     Type
                  1    wreg      void 
 Registers used:
		wreg, fsr0l, fsr0h, status,2, status,0
 Tracked objects:
		On entry : 
		On exit  : 
		Unchanged: 
 Data sizes:     COMMON   BANK0   BANK1   BANK3   BANK2
      Params:         1       0       0       0       0
      Locals:         1       0       0       0       0
      Temps:          2       0       0       0       0
      Totals:         4       0       0       0       0
Total ram usage:        4 bytes
 Hardware stack levels used:    1
 This function calls:
		Nothing
 This function is called by:
		_setup
 This function uses a non-reentrant model


 *************** function _SerialBegin *****************
 Defined at:
		line 338 in file "procedures.c"
 Parameters:    Size  Location     Type
  baudrate        4    6[BANK0 ] const long 
 Auto vars:     Size  Location     Type
  x               2   10[BANK0 ] unsigned int 
 Return value:  Size  Location     Type
                  1    wreg      unsigned char 
 Registers used:
		wreg, status,2, status,0, pclath, cstack
 Tracked objects:
		On entry : 
		On exit  : 
		Unchanged: 
 Data sizes:     COMMON   BANK0   BANK1   BANK3   BANK2
      Params:         0       4       0       0       0
      Locals:         0       2       0       0       0
      Temps:          4       0       0       0       0
      Totals:         4       6       0       0       0
Total ram usage:       10 bytes
 Hardware stack levels used:    1
 Hardware stack levels required when called:    1
 This function calls:
		___aldiv
 This function is called by:
		_setup
 This function uses a non-reentrant model


 *************** function _loop *****************
 Defined at:
		line 25 in file "application.c"
 Parameters:    Size  Location     Type
		None
 Auto vars:     Size  Location     Type
  i               2    9[COMMON] int 
 Return value:  Size  Location     Type
                  1    wreg      void 
 Registers used:
		wreg, fsr0l, fsr0h, status,2, status,0, btemp+1, pclath, cstack
 Tracked objects:
		On entry : 
		On exit  : 
		Unchanged: 
 Data sizes:     COMMON   BANK0   BANK1   BANK3   BANK2
      Params:         0       0       0       0       0
      Locals:         2       0       0       0       0
      Temps:          1       0       0       0       0
      Totals:         3       0       0       0       0
Total ram usage:        3 bytes
 Hardware stack levels used:    1
 Hardware stack levels required when called:    1
 This function calls:
		_SerialAvailable
		_SerialWrite
		_analogRead
		_cocienteEntero
		_delay
		_residuo
 This function is called by:
		_main
 This function uses a non-reentrant model


 *************** function _residuo *****************
 Defined at:
		line 63 in file "application.c"
 Parameters:    Size  Location     Type
  numerator       2    0[COMMON] unsigned int 
  denominator     2    2[COMMON] unsigned int 
 Auto vars:     Size  Location     Type
  temp1           2    4[COMMON] unsigned int 
 Return value:  Size  Location     Type
                  1    wreg      unsigned char 
 Registers used:
		wreg
 Tracked objects:
		On entry : 
		On exit  : 
		Unchanged: 
 Data sizes:     COMMON   BANK0   BANK1   BANK3   BANK2
      Params:         4       0       0       0       0
      Locals:         2       0       0       0       0
      Temps:          0       0       0       0       0
      Totals:         6       0       0       0       0
Total ram usage:        6 bytes
 Hardware stack levels used:    1
 This function calls:
		Nothing
 This function is called by:
		_loop
 This function uses a non-reentrant model


 *************** function _delay *****************
 Defined at:
		line 361 in file "procedures.c"
 Parameters:    Size  Location     Type
  milis           2    0[COMMON] const int 
 Auto vars:     Size  Location     Type
  i               2    5[COMMON] int 
  j               2    3[COMMON] int 
 Return value:  Size  Location     Type
                  1    wreg      void 
 Registers used:
		wreg, status,2, btemp+1
 Tracked objects:
		On entry : 
		On exit  : 
		Unchanged: 
 Data sizes:     COMMON   BANK0   BANK1   BANK3   BANK2
      Params:         2       0       0       0       0
      Locals:         4       0       0       0       0
      Temps:          1       0       0       0       0
      Totals:         7       0       0       0       0
Total ram usage:        7 bytes
 Hardware stack levels used:    1
 This function calls:
		Nothing
 This function is called by:
		_loop
 This function uses a non-reentrant model


 *************** function _cocienteEntero *****************
 Defined at:
		line 73 in file "application.c"
 Parameters:    Size  Location     Type
  numerator       2    0[COMMON] unsigned int 
  denominator     2    2[COMMON] unsigned int 
 Auto vars:     Size  Location     Type
  temp1           2    6[COMMON] unsigned int 
  cont            2    4[COMMON] unsigned int 
 Return value:  Size  Location     Type
                  1    wreg      unsigned char 
 Registers used:
		wreg, status,2
 Tracked objects:
		On entry : 
		On exit  : 
		Unchanged: 
 Data sizes:     COMMON   BANK0   BANK1   BANK3   BANK2
      Params:         4       0       0       0       0
      Locals:         4       0       0       0       0
      Temps:          0       0       0       0       0
      Totals:         8       0       0       0       0
Total ram usage:        8 bytes
 Hardware stack levels used:    1
 This function calls:
		Nothing
 This function is called by:
		_loop
 This function uses a non-reentrant model


 *************** function _analogRead *****************
 Defined at:
		line 283 in file "procedures.c"
 Parameters:    Size  Location     Type
  channel         1    wreg     unsigned char 
 Auto vars:     Size  Location     Type
  channel         1    4[COMMON] unsigned char 
 Return value:  Size  Location     Type
                  2    0[COMMON] unsigned int 
 Registers used:
		wreg, fsr0l, fsr0h, status,2, status,0
 Tracked objects:
		On entry : 
		On exit  : 
		Unchanged: 
 Data sizes:     COMMON   BANK0   BANK1   BANK3   BANK2
      Params:         2       0       0       0       0
      Locals:         1       0       0       0       0
      Temps:          2       0       0       0       0
      Totals:         5       0       0       0       0
Total ram usage:        5 bytes
 Hardware stack levels used:    1
 This function calls:
		Nothing
 This function is called by:
		_loop
 This function uses a non-reentrant model


 *************** function _SerialWrite *****************
 Defined at:
		line 372 in file "procedures.c"
 Parameters:    Size  Location     Type
  data            1    wreg     unsigned char 
 Auto vars:     Size  Location     Type
  data            1    0[COMMON] unsigned char 
 Return value:  Size  Location     Type
                  1    wreg      void 
 Registers used:
		wreg
 Tracked objects:
		On entry : 
		On exit  : 
		Unchanged: 
 Data sizes:     COMMON   BANK0   BANK1   BANK3   BANK2
      Params:         0       0       0       0       0
      Locals:         1       0       0       0       0
      Temps:          0       0       0       0       0
      Totals:         1       0       0       0       0
Total ram usage:        1 bytes
 Hardware stack levels used:    1
 This function calls:
		Nothing
 This function is called by:
		_loop
		_SerialWriteText
 This function uses a non-reentrant model


 *************** function _SerialAvailable *****************
 Defined at:
		line 381 in file "procedures.c"
 Parameters:    Size  Location     Type
		None
 Auto vars:     Size  Location     Type
		None
 Return value:  Size  Location     Type
                  1    wreg      unsigned char 
 Registers used:
		wreg
 Tracked objects:
		On entry : 
		On exit  : 
		Unchanged: 
 Data sizes:     COMMON   BANK0   BANK1   BANK3   BANK2
      Params:         0       0       0       0       0
      Locals:         0       0       0       0       0
      Temps:          0       0       0       0       0
      Totals:         0       0       0       0       0
Total ram usage:        0 bytes
 Hardware stack levels used:    1
 This function calls:
		Nothing
 This function is called by:
		_loop
 This function uses a non-reentrant model


 *************** function _configuracionInicial *****************
 Defined at:
		line 17 in file "procedures.c"
 Parameters:    Size  Location     Type
		None
 Auto vars:     Size  Location     Type
		None
 Return value:  Size  Location     Type
                  1    wreg      void 
 Registers used:
		wreg, status,2, status,0, pclath, cstack
 Tracked objects:
		On entry : 
		On exit  : 
		Unchanged: 
 Data sizes:     COMMON   BANK0   BANK1   BANK3   BANK2
      Params:         0       0       0       0       0
      Locals:         0       0       0       0       0
      Temps:          0       0       0       0       0
      Totals:         0       0       0       0       0
Total ram usage:        0 bytes
 Hardware stack levels used:    1
 Hardware stack levels required when called:    2
 This function calls:
		_PWM1_Init
		_PWM1_Start
		_PWM2_Init
		_PWM2_Start
 This function is called by:
		_main
 This function uses a non-reentrant model


 *************** function _PWM2_Start *****************
 Defined at:
		line 464 in file "procedures.c"
 Parameters:    Size  Location     Type
		None
 Auto vars:     Size  Location     Type
		None
 Return value:  Size  Location     Type
                  1    wreg      void 
 Registers used:
		None
 Tracked objects:
		On entry : 
		On exit  : 
		Unchanged: 
 Data sizes:     COMMON   BANK0   BANK1   BANK3   BANK2
      Params:         0       0       0       0       0
      Locals:         0       0       0       0       0
      Temps:          0       0       0       0       0
      Totals:         0       0       0       0       0
Total ram usage:        0 bytes
 Hardware stack levels used:    1
 This function calls:
		Nothing
 This function is called by:
		_configuracionInicial
 This function uses a non-reentrant model


 *************** function _PWM2_Init *****************
 Defined at:
		line 413 in file "procedures.c"
 Parameters:    Size  Location     Type
  fre             4    6[BANK0 ] long 
 Auto vars:     Size  Location     Type
		None
 Return value:  Size  Location     Type
                  1    wreg      void 
 Registers used:
		wreg, status,2, status,0, pclath, cstack
 Tracked objects:
		On entry : 
		On exit  : 
		Unchanged: 
 Data sizes:     COMMON   BANK0   BANK1   BANK3   BANK2
      Params:         0       4       0       0       0
      Locals:         0       0       0       0       0
      Temps:          4       0       0       0       0
      Totals:         4       4       0       0       0
Total ram usage:        8 bytes
 Hardware stack levels used:    1
 Hardware stack levels required when called:    1
 This function calls:
		___aldiv
 This function is called by:
		_configuracionInicial
 This function uses a non-reentrant model


 *************** function _PWM1_Start *****************
 Defined at:
		line 440 in file "procedures.c"
 Parameters:    Size  Location     Type
		None
 Auto vars:     Size  Location     Type
		None
 Return value:  Size  Location     Type
                  1    wreg      void 
 Registers used:
		None
 Tracked objects:
		On entry : 
		On exit  : 
		Unchanged: 
 Data sizes:     COMMON   BANK0   BANK1   BANK3   BANK2
      Params:         0       0       0       0       0
      Locals:         0       0       0       0       0
      Temps:          0       0       0       0       0
      Totals:         0       0       0       0       0
Total ram usage:        0 bytes
 Hardware stack levels used:    1
 This function calls:
		Nothing
 This function is called by:
		_configuracionInicial
 This function uses a non-reentrant model


 *************** function _PWM1_Init *****************
 Defined at:
		line 407 in file "procedures.c"
 Parameters:    Size  Location     Type
  fre             4    6[BANK0 ] long 
 Auto vars:     Size  Location     Type
		None
 Return value:  Size  Location     Type
                  1    wreg      void 
 Registers used:
		wreg, status,2, status,0, pclath, cstack
 Tracked objects:
		On entry : 
		On exit  : 
		Unchanged: 
 Data sizes:     COMMON   BANK0   BANK1   BANK3   BANK2
      Params:         0       4       0       0       0
      Locals:         0       0       0       0       0
      Temps:          4       0       0       0       0
      Totals:         4       4       0       0       0
Total ram usage:        8 bytes
 Hardware stack levels used:    1
 Hardware stack levels required when called:    1
 This function calls:
		___aldiv
 This function is called by:
		_configuracionInicial
 This function uses a non-reentrant model


 *************** function ___aldiv *****************
 Defined at:
		line 5 in file "C:\Program Files (x86)\Microchip\xc8\v2.00\pic\sources\c90\common\aldiv.c"
 Parameters:    Size  Location     Type
  divisor         4    0[COMMON] long 
  dividend        4    4[COMMON] long 
 Auto vars:     Size  Location     Type
  quotient        4    2[BANK0 ] long 
  sign            1    1[BANK0 ] unsigned char 
  counter         1    0[BANK0 ] unsigned char 
 Return value:  Size  Location     Type
                  4    0[COMMON] long 
 Registers used:
		wreg, status,2, status,0
 Tracked objects:
		On entry : 
		On exit  : 
		Unchanged: 
 Data sizes:     COMMON   BANK0   BANK1   BANK3   BANK2
      Params:         8       0       0       0       0
      Locals:         0       6       0       0       0
      Temps:          1       0       0       0       0
      Totals:         9       6       0       0       0
Total ram usage:       15 bytes
 Hardware stack levels used:    1
 This function calls:
		Nothing
 This function is called by:
		_SerialBegin
		_PWM1_Init
		_PWM2_Init
		_PWM_Max_Duty
 This function uses a non-reentrant model



MODULE INFORMATION

Module		Function		Class		Link	Load	Size
procedures.c
		_PWM1_Start    		CODE           	0312	0000	12
		_delay         		CODE           	0462	0000	79
		_PWM2_Start    		CODE           	031D	0000	12
		_SerialAvailable		CODE           	0303	0000	8
		_main          		CODE           	0336	0000	22
		_SerialBegin   		CODE           	059D	0000	143
		_PWM1_Init     		CODE           	039C	0000	66
		_PWM2_Init     		CODE           	03DD	0000	66
		_SerialWrite   		CODE           	0328	0000	15
		_pinMode       		CODE           	06D1	0000	279
		_analogRead    		CODE           	051F	0000	127
		_configuracionInicial		CODE           	041E	0000	69

procedures.c estimated size: 898

shared
		__initialization		CODE           	07E7	0000	22

shared estimated size: 22

C:\Program Files (x86)\Microchip\xc8\v2.00\pic\sources\c90\common\aldiv.c
		___aldiv       		CODE           	062B	0000	167

C:\Program Files (x86)\Microchip\xc8\v2.00\pic\sources\c90\common\aldiv.c estimated size: 167

application.c
		_loop          		CODE           	04B0	0000	112
		_cocienteEntero		CODE           	037B	0000	34
		_residuo       		CODE           	0362	0000	26
		_setup         		CODE           	034B	0000	24

application.c estimated size: 196

